============================= test session starts ==============================
platform linux -- Python 3.12.1, pytest-9.0.3, pluggy-1.6.0 -- /workspaces/w15_WanderNest_RAG_Chatbot/venv/bin/python
cachedir: .pytest_cache
rootdir: /workspaces/w15_WanderNest_RAG_Chatbot
plugins: langsmith-0.7.29, cov-7.1.0, asyncio-1.3.0, anyio-4.13.0
asyncio: mode=Mode.STRICT, debug=False, asyncio_default_fixture_loop_scope=None, asyncio_default_test_loop_scope=function
collecting ... collected 9 items

tests/test_config.py::test_config_loaded PASSED
tests/test_config.py::test_vector_store_type PASSED
tests/test_config.py::test_mlflow_config PASSED
tests/test_config.py::test_azure_search_config PASSED
tests/test_config.py::test_azure_storage_config PASSED
tests/test_search.py::test_config_loads PASSED
tests/test_search.py::test_imports PASSED
tests/test_search_engine.py::TestTravelSearchEngine::test_initialization PASSED
tests/test_search_engine.py::TestTravelSearchEngine::test_search_by_text DEBUG: Text Query: baggage rules
🏃 View run search_travel_info at: https://eastus.api.azureml.ms/mlflow/v2.0/subscriptions/23adc574-7bcc-412a-87d1-2ca9696b01cd/resourceGroups/rsg_vikas_manhar/providers/Microsoft.MachineLearningServices/workspaces/vikasAML/#/experiments/9c1b95e2-7f4f-4d33-ba09-a4b2164a61a7/runs/9276851f-9613-4df3-a9e9-d31245b49e74
🧪 View experiment at: https://eastus.api.azureml.ms/mlflow/v2.0/subscriptions/23adc574-7bcc-412a-87d1-2ca9696b01cd/resourceGroups/rsg_vikas_manhar/providers/Microsoft.MachineLearningServices/workspaces/vikasAML/#/experiments/9c1b95e2-7f4f-4d33-ba09-a4b2164a61a7
PASSED

=============================== warnings summary ===============================
tests/test_search_engine.py::TestTravelSearchEngine::test_search_by_text
tests/test_search_engine.py::TestTravelSearchEngine::test_search_by_text
  /workspaces/w15_WanderNest_RAG_Chatbot/venv/lib/python3.12/site-packages/mlflow/store/tracking/rest_store.py:329: DeprecationWarning: label() is deprecated. Use is_required() or is_repeated() instead.
    req_body = message_to_json(

tests/test_search_engine.py::TestTravelSearchEngine::test_search_by_text
tests/test_search_engine.py::TestTravelSearchEngine::test_search_by_text
  /workspaces/w15_WanderNest_RAG_Chatbot/venv/lib/python3.12/site-packages/mlflow/store/tracking/rest_store.py:688: DeprecationWarning: label() is deprecated. Use is_required() or is_repeated() instead.
    req_body = message_to_json(

tests/test_search_engine.py::TestTravelSearchEngine::test_search_by_text
  /workspaces/w15_WanderNest_RAG_Chatbot/venv/lib/python3.12/site-packages/mlflow/store/tracking/rest_store.py:300: DeprecationWarning: label() is deprecated. Use is_required() or is_repeated() instead.
    req_body = message_to_json(

-- Docs: https://docs.pytest.org/en/stable/how-to/capture-warnings.html
======================== 9 passed, 5 warnings in 12.28s ========================
